AR counter behavioral //pdc-srv/loyauf/SuperPONG/Counter.vhd sub00/vhpl03 1362160391
EN vga_rectangle NULL //pdc-srv/loyauf/SuperPONG/VGA_Rectangle.vhd sub00/vhpl09 1362160396
AR vga_rectangle nwfilled //pdc-srv/loyauf/SuperPONG/VGA_Rectangle.vhd sub00/vhpl10 1362160397
EN pong NULL //pdc-srv/loyauf/SuperPONG/Pong.vhd sub00/vhpl11 1362160398
AR clkdiv2 behavioral //pdc-srv/loyauf/SuperPONG/clkdivider.vhd sub00/vhpl01 1362055537
AR ctrlvga behavioral //pdc-srv/loyauf/SuperPONG/ctrlVGA.vhd sub00/vhpl05 1362160393
EN clockdiv NULL //pdc-srv/loyauf/SuperPONG/ClockDiv.vhd sub00/vhpl13 1362160394
AR ctrlvga_test behavioral //pdc-srv/loyauf/SuperPONG/ctrlVGA_test.vhd sub00/vhpl07 1362060231
EN counter NULL //pdc-srv/loyauf/SuperPONG/Counter.vhd sub00/vhpl02 1362160390
AR clockdiv behavioral //pdc-srv/loyauf/SuperPONG/ClockDiv.vhd sub00/vhpl14 1362160395
EN ctrlvga_test NULL //pdc-srv/loyauf/SuperPONG/ctrlVGA_test.vhd sub00/vhpl06 1362150760
EN ctrlvga NULL //pdc-srv/loyauf/SuperPONG/ctrlVGA.vhd sub00/vhpl04 1362160392
AR ctrlvga_test bluescreen //pdc-srv/loyauf/SuperPONG/ctrlVGA_test.vhd sub00/vhpl08 1362150761
EN clkdiv2 NULL //pdc-srv/loyauf/SuperPONG/clkdivider.vhd sub00/vhpl00 1362055536
AR pong classic //pdc-srv/loyauf/SuperPONG/Pong.vhd sub00/vhpl12 1362160399
